// Jest Snapshot v1, https://goo.gl/fbAQLP

exports[`correctly renders the component 1`] = `
<div>
  <h1>
    My Expense Tracker 
    v1.0
  </h1>
</div>
`;
